---
http_interactions:
- request:
    method: get
    uri: https://api.github.com/users/plato721/following
    body:
      encoding: US-ASCII
      string: ''
    headers:
      User-Agent:
      - Faraday v0.12.2
      Authorization:
      - token <GITHUB OAUTH TOKEN>
      Accept-Encoding:
      - gzip;q=1.0,deflate;q=0.6,identity;q=0.3
      Accept:
      - "*/*"
  response:
    status:
      code: 200
      message: OK
    headers:
      Server:
      - GitHub.com
      Date:
      - Fri, 11 May 2018 05:25:14 GMT
      Content-Type:
      - application/json; charset=utf-8
      Transfer-Encoding:
      - chunked
      Status:
      - 200 OK
      X-Ratelimit-Limit:
      - '5000'
      X-Ratelimit-Remaining:
      - '4943'
      X-Ratelimit-Reset:
      - '1526018487'
      Cache-Control:
      - private, max-age=60, s-maxage=60
      Vary:
      - Accept, Authorization, Cookie, X-GitHub-OTP
      Etag:
      - W/"2fcaaa42ca4a70aa190f4151cc6718fc"
      X-Oauth-Scopes:
      - ''
      X-Accepted-Oauth-Scopes:
      - ''
      X-Oauth-Client-Id:
      - bff9e878c77272925590
      X-Github-Media-Type:
      - github.v3; format=json
      Access-Control-Expose-Headers:
      - ETag, Link, Retry-After, X-GitHub-OTP, X-RateLimit-Limit, X-RateLimit-Remaining,
        X-RateLimit-Reset, X-OAuth-Scopes, X-Accepted-OAuth-Scopes, X-Poll-Interval
      Access-Control-Allow-Origin:
      - "*"
      Strict-Transport-Security:
      - max-age=31536000; includeSubdomains; preload
      X-Frame-Options:
      - deny
      X-Content-Type-Options:
      - nosniff
      X-Xss-Protection:
      - 1; mode=block
      Referrer-Policy:
      - origin-when-cross-origin, strict-origin-when-cross-origin
      Content-Security-Policy:
      - default-src 'none'
      X-Runtime-Rack:
      - '0.038867'
      X-Github-Request-Id:
      - C919:0643:2C4167A:5D6A711:5AF5293A
    body:
      encoding: ASCII-8BIT
      string: '[{"login":"patmaddox","id":1111,"avatar_url":"https://avatars2.githubusercontent.com/u/1111?v=4","gravatar_id":"","url":"https://api.github.com/users/patmaddox","html_url":"https://github.com/patmaddox","followers_url":"https://api.github.com/users/patmaddox/followers","following_url":"https://api.github.com/users/patmaddox/following{/other_user}","gists_url":"https://api.github.com/users/patmaddox/gists{/gist_id}","starred_url":"https://api.github.com/users/patmaddox/starred{/owner}{/repo}","subscriptions_url":"https://api.github.com/users/patmaddox/subscriptions","organizations_url":"https://api.github.com/users/patmaddox/orgs","repos_url":"https://api.github.com/users/patmaddox/repos","events_url":"https://api.github.com/users/patmaddox/events{/privacy}","received_events_url":"https://api.github.com/users/patmaddox/received_events","type":"User","site_admin":false},{"login":"shanewholloway","id":210197,"avatar_url":"https://avatars1.githubusercontent.com/u/210197?v=4","gravatar_id":"","url":"https://api.github.com/users/shanewholloway","html_url":"https://github.com/shanewholloway","followers_url":"https://api.github.com/users/shanewholloway/followers","following_url":"https://api.github.com/users/shanewholloway/following{/other_user}","gists_url":"https://api.github.com/users/shanewholloway/gists{/gist_id}","starred_url":"https://api.github.com/users/shanewholloway/starred{/owner}{/repo}","subscriptions_url":"https://api.github.com/users/shanewholloway/subscriptions","organizations_url":"https://api.github.com/users/shanewholloway/orgs","repos_url":"https://api.github.com/users/shanewholloway/repos","events_url":"https://api.github.com/users/shanewholloway/events{/privacy}","received_events_url":"https://api.github.com/users/shanewholloway/received_events","type":"User","site_admin":false},{"login":"richhaase","id":987317,"avatar_url":"https://avatars0.githubusercontent.com/u/987317?v=4","gravatar_id":"","url":"https://api.github.com/users/richhaase","html_url":"https://github.com/richhaase","followers_url":"https://api.github.com/users/richhaase/followers","following_url":"https://api.github.com/users/richhaase/following{/other_user}","gists_url":"https://api.github.com/users/richhaase/gists{/gist_id}","starred_url":"https://api.github.com/users/richhaase/starred{/owner}{/repo}","subscriptions_url":"https://api.github.com/users/richhaase/subscriptions","organizations_url":"https://api.github.com/users/richhaase/orgs","repos_url":"https://api.github.com/users/richhaase/repos","events_url":"https://api.github.com/users/richhaase/events{/privacy}","received_events_url":"https://api.github.com/users/richhaase/received_events","type":"User","site_admin":false},{"login":"russelleh","id":7073471,"avatar_url":"https://avatars1.githubusercontent.com/u/7073471?v=4","gravatar_id":"","url":"https://api.github.com/users/russelleh","html_url":"https://github.com/russelleh","followers_url":"https://api.github.com/users/russelleh/followers","following_url":"https://api.github.com/users/russelleh/following{/other_user}","gists_url":"https://api.github.com/users/russelleh/gists{/gist_id}","starred_url":"https://api.github.com/users/russelleh/starred{/owner}{/repo}","subscriptions_url":"https://api.github.com/users/russelleh/subscriptions","organizations_url":"https://api.github.com/users/russelleh/orgs","repos_url":"https://api.github.com/users/russelleh/repos","events_url":"https://api.github.com/users/russelleh/events{/privacy}","received_events_url":"https://api.github.com/users/russelleh/received_events","type":"User","site_admin":false},{"login":"AtmaVichara","id":7635493,"avatar_url":"https://avatars1.githubusercontent.com/u/7635493?v=4","gravatar_id":"","url":"https://api.github.com/users/AtmaVichara","html_url":"https://github.com/AtmaVichara","followers_url":"https://api.github.com/users/AtmaVichara/followers","following_url":"https://api.github.com/users/AtmaVichara/following{/other_user}","gists_url":"https://api.github.com/users/AtmaVichara/gists{/gist_id}","starred_url":"https://api.github.com/users/AtmaVichara/starred{/owner}{/repo}","subscriptions_url":"https://api.github.com/users/AtmaVichara/subscriptions","organizations_url":"https://api.github.com/users/AtmaVichara/orgs","repos_url":"https://api.github.com/users/AtmaVichara/repos","events_url":"https://api.github.com/users/AtmaVichara/events{/privacy}","received_events_url":"https://api.github.com/users/AtmaVichara/received_events","type":"User","site_admin":false},{"login":"Mij-Strebor","id":17260842,"avatar_url":"https://avatars2.githubusercontent.com/u/17260842?v=4","gravatar_id":"","url":"https://api.github.com/users/Mij-Strebor","html_url":"https://github.com/Mij-Strebor","followers_url":"https://api.github.com/users/Mij-Strebor/followers","following_url":"https://api.github.com/users/Mij-Strebor/following{/other_user}","gists_url":"https://api.github.com/users/Mij-Strebor/gists{/gist_id}","starred_url":"https://api.github.com/users/Mij-Strebor/starred{/owner}{/repo}","subscriptions_url":"https://api.github.com/users/Mij-Strebor/subscriptions","organizations_url":"https://api.github.com/users/Mij-Strebor/orgs","repos_url":"https://api.github.com/users/Mij-Strebor/repos","events_url":"https://api.github.com/users/Mij-Strebor/events{/privacy}","received_events_url":"https://api.github.com/users/Mij-Strebor/received_events","type":"User","site_admin":false},{"login":"agpiermarini","id":19535775,"avatar_url":"https://avatars1.githubusercontent.com/u/19535775?v=4","gravatar_id":"","url":"https://api.github.com/users/agpiermarini","html_url":"https://github.com/agpiermarini","followers_url":"https://api.github.com/users/agpiermarini/followers","following_url":"https://api.github.com/users/agpiermarini/following{/other_user}","gists_url":"https://api.github.com/users/agpiermarini/gists{/gist_id}","starred_url":"https://api.github.com/users/agpiermarini/starred{/owner}{/repo}","subscriptions_url":"https://api.github.com/users/agpiermarini/subscriptions","organizations_url":"https://api.github.com/users/agpiermarini/orgs","repos_url":"https://api.github.com/users/agpiermarini/repos","events_url":"https://api.github.com/users/agpiermarini/events{/privacy}","received_events_url":"https://api.github.com/users/agpiermarini/received_events","type":"User","site_admin":false}]'
    http_version: 
  recorded_at: Fri, 11 May 2018 05:25:14 GMT
- request:
    method: get
    uri: https://api.github.com/users/patmaddox
    body:
      encoding: US-ASCII
      string: ''
    headers:
      User-Agent:
      - Faraday v0.12.2
      Authorization:
      - token <GITHUB OAUTH TOKEN>
      Accept-Encoding:
      - gzip;q=1.0,deflate;q=0.6,identity;q=0.3
      Accept:
      - "*/*"
  response:
    status:
      code: 200
      message: OK
    headers:
      Server:
      - GitHub.com
      Date:
      - Fri, 11 May 2018 05:25:14 GMT
      Content-Type:
      - application/json; charset=utf-8
      Transfer-Encoding:
      - chunked
      Status:
      - 200 OK
      X-Ratelimit-Limit:
      - '5000'
      X-Ratelimit-Remaining:
      - '4942'
      X-Ratelimit-Reset:
      - '1526018487'
      Cache-Control:
      - private, max-age=60, s-maxage=60
      Vary:
      - Accept, Authorization, Cookie, X-GitHub-OTP
      Etag:
      - W/"4a67b08bb31d84f35e13c5af07156b26"
      Last-Modified:
      - Wed, 09 May 2018 09:49:34 GMT
      X-Oauth-Scopes:
      - ''
      X-Accepted-Oauth-Scopes:
      - ''
      X-Oauth-Client-Id:
      - bff9e878c77272925590
      X-Github-Media-Type:
      - github.v3; format=json
      Access-Control-Expose-Headers:
      - ETag, Link, Retry-After, X-GitHub-OTP, X-RateLimit-Limit, X-RateLimit-Remaining,
        X-RateLimit-Reset, X-OAuth-Scopes, X-Accepted-OAuth-Scopes, X-Poll-Interval
      Access-Control-Allow-Origin:
      - "*"
      Strict-Transport-Security:
      - max-age=31536000; includeSubdomains; preload
      X-Frame-Options:
      - deny
      X-Content-Type-Options:
      - nosniff
      X-Xss-Protection:
      - 1; mode=block
      Referrer-Policy:
      - origin-when-cross-origin, strict-origin-when-cross-origin
      Content-Security-Policy:
      - default-src 'none'
      X-Runtime-Rack:
      - '0.043473'
      X-Github-Request-Id:
      - C91A:0642:1E7C4C0:45635D6:5AF5293A
    body:
      encoding: ASCII-8BIT
      string: '{"login":"patmaddox","id":1111,"avatar_url":"https://avatars2.githubusercontent.com/u/1111?v=4","gravatar_id":"","url":"https://api.github.com/users/patmaddox","html_url":"https://github.com/patmaddox","followers_url":"https://api.github.com/users/patmaddox/followers","following_url":"https://api.github.com/users/patmaddox/following{/other_user}","gists_url":"https://api.github.com/users/patmaddox/gists{/gist_id}","starred_url":"https://api.github.com/users/patmaddox/starred{/owner}{/repo}","subscriptions_url":"https://api.github.com/users/patmaddox/subscriptions","organizations_url":"https://api.github.com/users/patmaddox/orgs","repos_url":"https://api.github.com/users/patmaddox/repos","events_url":"https://api.github.com/users/patmaddox/events{/privacy}","received_events_url":"https://api.github.com/users/patmaddox/received_events","type":"User","site_admin":false,"name":"Pat
        Maddox","company":"@adorableio ","blog":"https://www.rubysteps.com","location":"Salt
        Lake City","email":"pat@rubysteps.com","hireable":null,"bio":null,"public_repos":118,"public_gists":131,"followers":231,"following":86,"created_at":"2008-02-27T17:47:54Z","updated_at":"2018-05-09T09:49:34Z"}'
    http_version: 
  recorded_at: Fri, 11 May 2018 05:25:14 GMT
- request:
    method: get
    uri: https://api.github.com/users/shanewholloway
    body:
      encoding: US-ASCII
      string: ''
    headers:
      User-Agent:
      - Faraday v0.12.2
      Authorization:
      - token <GITHUB OAUTH TOKEN>
      Accept-Encoding:
      - gzip;q=1.0,deflate;q=0.6,identity;q=0.3
      Accept:
      - "*/*"
  response:
    status:
      code: 200
      message: OK
    headers:
      Server:
      - GitHub.com
      Date:
      - Fri, 11 May 2018 05:25:15 GMT
      Content-Type:
      - application/json; charset=utf-8
      Transfer-Encoding:
      - chunked
      Status:
      - 200 OK
      X-Ratelimit-Limit:
      - '5000'
      X-Ratelimit-Remaining:
      - '4941'
      X-Ratelimit-Reset:
      - '1526018487'
      Cache-Control:
      - private, max-age=60, s-maxage=60
      Vary:
      - Accept, Authorization, Cookie, X-GitHub-OTP
      Etag:
      - W/"c97e05c0117bbbdf54a576b05e8c91bc"
      Last-Modified:
      - Tue, 08 May 2018 16:33:16 GMT
      X-Oauth-Scopes:
      - ''
      X-Accepted-Oauth-Scopes:
      - ''
      X-Oauth-Client-Id:
      - bff9e878c77272925590
      X-Github-Media-Type:
      - github.v3; format=json
      Access-Control-Expose-Headers:
      - ETag, Link, Retry-After, X-GitHub-OTP, X-RateLimit-Limit, X-RateLimit-Remaining,
        X-RateLimit-Reset, X-OAuth-Scopes, X-Accepted-OAuth-Scopes, X-Poll-Interval
      Access-Control-Allow-Origin:
      - "*"
      Strict-Transport-Security:
      - max-age=31536000; includeSubdomains; preload
      X-Frame-Options:
      - deny
      X-Content-Type-Options:
      - nosniff
      X-Xss-Protection:
      - 1; mode=block
      Referrer-Policy:
      - origin-when-cross-origin, strict-origin-when-cross-origin
      Content-Security-Policy:
      - default-src 'none'
      X-Runtime-Rack:
      - '0.033021'
      X-Github-Request-Id:
      - C91B:0644:39FBBBB:6F3DF8A:5AF5293B
    body:
      encoding: ASCII-8BIT
      string: '{"login":"shanewholloway","id":210197,"avatar_url":"https://avatars1.githubusercontent.com/u/210197?v=4","gravatar_id":"","url":"https://api.github.com/users/shanewholloway","html_url":"https://github.com/shanewholloway","followers_url":"https://api.github.com/users/shanewholloway/followers","following_url":"https://api.github.com/users/shanewholloway/following{/other_user}","gists_url":"https://api.github.com/users/shanewholloway/gists{/gist_id}","starred_url":"https://api.github.com/users/shanewholloway/starred{/owner}{/repo}","subscriptions_url":"https://api.github.com/users/shanewholloway/subscriptions","organizations_url":"https://api.github.com/users/shanewholloway/orgs","repos_url":"https://api.github.com/users/shanewholloway/repos","events_url":"https://api.github.com/users/shanewholloway/events{/privacy}","received_events_url":"https://api.github.com/users/shanewholloway/received_events","type":"User","site_admin":false,"name":"Shane
        Holloway","company":null,"blog":"http://shaneholloway.com","location":"Colorado
        Springs, CO","email":"shane.holloway@ieee.org","hireable":true,"bio":null,"public_repos":83,"public_gists":28,"followers":23,"following":60,"created_at":"2010-02-24T19:46:23Z","updated_at":"2018-05-08T16:33:16Z"}'
    http_version: 
  recorded_at: Fri, 11 May 2018 05:25:15 GMT
- request:
    method: get
    uri: https://api.github.com/users/richhaase
    body:
      encoding: US-ASCII
      string: ''
    headers:
      User-Agent:
      - Faraday v0.12.2
      Authorization:
      - token <GITHUB OAUTH TOKEN>
      Accept-Encoding:
      - gzip;q=1.0,deflate;q=0.6,identity;q=0.3
      Accept:
      - "*/*"
  response:
    status:
      code: 200
      message: OK
    headers:
      Server:
      - GitHub.com
      Date:
      - Fri, 11 May 2018 05:25:15 GMT
      Content-Type:
      - application/json; charset=utf-8
      Transfer-Encoding:
      - chunked
      Status:
      - 200 OK
      X-Ratelimit-Limit:
      - '5000'
      X-Ratelimit-Remaining:
      - '4940'
      X-Ratelimit-Reset:
      - '1526018487'
      Cache-Control:
      - private, max-age=60, s-maxage=60
      Vary:
      - Accept, Authorization, Cookie, X-GitHub-OTP
      Etag:
      - W/"9cf9f171d9cdde73b1df6615083a132e"
      Last-Modified:
      - Tue, 08 May 2018 21:41:17 GMT
      X-Oauth-Scopes:
      - ''
      X-Accepted-Oauth-Scopes:
      - ''
      X-Oauth-Client-Id:
      - bff9e878c77272925590
      X-Github-Media-Type:
      - github.v3; format=json
      Access-Control-Expose-Headers:
      - ETag, Link, Retry-After, X-GitHub-OTP, X-RateLimit-Limit, X-RateLimit-Remaining,
        X-RateLimit-Reset, X-OAuth-Scopes, X-Accepted-OAuth-Scopes, X-Poll-Interval
      Access-Control-Allow-Origin:
      - "*"
      Strict-Transport-Security:
      - max-age=31536000; includeSubdomains; preload
      X-Frame-Options:
      - deny
      X-Content-Type-Options:
      - nosniff
      X-Xss-Protection:
      - 1; mode=block
      Referrer-Policy:
      - origin-when-cross-origin, strict-origin-when-cross-origin
      Content-Security-Policy:
      - default-src 'none'
      X-Runtime-Rack:
      - '0.044763'
      X-Github-Request-Id:
      - C91C:0644:39FBC09:6F3E002:5AF5293B
    body:
      encoding: ASCII-8BIT
      string: '{"login":"richhaase","id":987317,"avatar_url":"https://avatars0.githubusercontent.com/u/987317?v=4","gravatar_id":"","url":"https://api.github.com/users/richhaase","html_url":"https://github.com/richhaase","followers_url":"https://api.github.com/users/richhaase/followers","following_url":"https://api.github.com/users/richhaase/following{/other_user}","gists_url":"https://api.github.com/users/richhaase/gists{/gist_id}","starred_url":"https://api.github.com/users/richhaase/starred{/owner}{/repo}","subscriptions_url":"https://api.github.com/users/richhaase/subscriptions","organizations_url":"https://api.github.com/users/richhaase/orgs","repos_url":"https://api.github.com/users/richhaase/repos","events_url":"https://api.github.com/users/richhaase/events{/privacy}","received_events_url":"https://api.github.com/users/richhaase/received_events","type":"User","site_admin":false,"name":"Rich
        Haase","company":null,"blog":"","location":null,"email":null,"hireable":null,"bio":null,"public_repos":14,"public_gists":0,"followers":4,"following":4,"created_at":"2011-08-17T22:42:04Z","updated_at":"2018-05-08T21:41:17Z"}'
    http_version: 
  recorded_at: Fri, 11 May 2018 05:25:15 GMT
- request:
    method: get
    uri: https://api.github.com/users/russelleh
    body:
      encoding: US-ASCII
      string: ''
    headers:
      User-Agent:
      - Faraday v0.12.2
      Authorization:
      - token <GITHUB OAUTH TOKEN>
      Accept-Encoding:
      - gzip;q=1.0,deflate;q=0.6,identity;q=0.3
      Accept:
      - "*/*"
  response:
    status:
      code: 200
      message: OK
    headers:
      Server:
      - GitHub.com
      Date:
      - Fri, 11 May 2018 05:25:15 GMT
      Content-Type:
      - application/json; charset=utf-8
      Transfer-Encoding:
      - chunked
      Status:
      - 200 OK
      X-Ratelimit-Limit:
      - '5000'
      X-Ratelimit-Remaining:
      - '4939'
      X-Ratelimit-Reset:
      - '1526018487'
      Cache-Control:
      - private, max-age=60, s-maxage=60
      Vary:
      - Accept, Authorization, Cookie, X-GitHub-OTP
      Etag:
      - W/"ba50f9b11339c1a52e5474a1de1ad767"
      Last-Modified:
      - Thu, 15 Mar 2018 16:54:33 GMT
      X-Oauth-Scopes:
      - ''
      X-Accepted-Oauth-Scopes:
      - ''
      X-Oauth-Client-Id:
      - bff9e878c77272925590
      X-Github-Media-Type:
      - github.v3; format=json
      Access-Control-Expose-Headers:
      - ETag, Link, Retry-After, X-GitHub-OTP, X-RateLimit-Limit, X-RateLimit-Remaining,
        X-RateLimit-Reset, X-OAuth-Scopes, X-Accepted-OAuth-Scopes, X-Poll-Interval
      Access-Control-Allow-Origin:
      - "*"
      Strict-Transport-Security:
      - max-age=31536000; includeSubdomains; preload
      X-Frame-Options:
      - deny
      X-Content-Type-Options:
      - nosniff
      X-Xss-Protection:
      - 1; mode=block
      Referrer-Policy:
      - origin-when-cross-origin, strict-origin-when-cross-origin
      Content-Security-Policy:
      - default-src 'none'
      X-Runtime-Rack:
      - '0.040172'
      X-Github-Request-Id:
      - C91D:0641:158EA8B:322A05F:5AF5293B
    body:
      encoding: ASCII-8BIT
      string: '{"login":"russelleh","id":7073471,"avatar_url":"https://avatars1.githubusercontent.com/u/7073471?v=4","gravatar_id":"","url":"https://api.github.com/users/russelleh","html_url":"https://github.com/russelleh","followers_url":"https://api.github.com/users/russelleh/followers","following_url":"https://api.github.com/users/russelleh/following{/other_user}","gists_url":"https://api.github.com/users/russelleh/gists{/gist_id}","starred_url":"https://api.github.com/users/russelleh/starred{/owner}{/repo}","subscriptions_url":"https://api.github.com/users/russelleh/subscriptions","organizations_url":"https://api.github.com/users/russelleh/orgs","repos_url":"https://api.github.com/users/russelleh/repos","events_url":"https://api.github.com/users/russelleh/events{/privacy}","received_events_url":"https://api.github.com/users/russelleh/received_events","type":"User","site_admin":false,"name":"Russell
        E H","company":null,"blog":"","location":null,"email":"russell.west.eh@gmail.com","hireable":null,"bio":null,"public_repos":61,"public_gists":8,"followers":5,"following":0,"created_at":"2014-03-26T18:33:38Z","updated_at":"2018-03-15T16:54:33Z"}'
    http_version: 
  recorded_at: Fri, 11 May 2018 05:25:15 GMT
- request:
    method: get
    uri: https://api.github.com/users/AtmaVichara
    body:
      encoding: US-ASCII
      string: ''
    headers:
      User-Agent:
      - Faraday v0.12.2
      Authorization:
      - token <GITHUB OAUTH TOKEN>
      Accept-Encoding:
      - gzip;q=1.0,deflate;q=0.6,identity;q=0.3
      Accept:
      - "*/*"
  response:
    status:
      code: 200
      message: OK
    headers:
      Server:
      - GitHub.com
      Date:
      - Fri, 11 May 2018 05:25:16 GMT
      Content-Type:
      - application/json; charset=utf-8
      Transfer-Encoding:
      - chunked
      Status:
      - 200 OK
      X-Ratelimit-Limit:
      - '5000'
      X-Ratelimit-Remaining:
      - '4938'
      X-Ratelimit-Reset:
      - '1526018487'
      Cache-Control:
      - private, max-age=60, s-maxage=60
      Vary:
      - Accept, Authorization, Cookie, X-GitHub-OTP
      Etag:
      - W/"cb114daf6151aa8036a4a053e3a5d292"
      Last-Modified:
      - Fri, 06 Apr 2018 15:25:49 GMT
      X-Oauth-Scopes:
      - ''
      X-Accepted-Oauth-Scopes:
      - ''
      X-Oauth-Client-Id:
      - bff9e878c77272925590
      X-Github-Media-Type:
      - github.v3; format=json
      Access-Control-Expose-Headers:
      - ETag, Link, Retry-After, X-GitHub-OTP, X-RateLimit-Limit, X-RateLimit-Remaining,
        X-RateLimit-Reset, X-OAuth-Scopes, X-Accepted-OAuth-Scopes, X-Poll-Interval
      Access-Control-Allow-Origin:
      - "*"
      Strict-Transport-Security:
      - max-age=31536000; includeSubdomains; preload
      X-Frame-Options:
      - deny
      X-Content-Type-Options:
      - nosniff
      X-Xss-Protection:
      - 1; mode=block
      Referrer-Policy:
      - origin-when-cross-origin, strict-origin-when-cross-origin
      Content-Security-Policy:
      - default-src 'none'
      X-Runtime-Rack:
      - '0.046417'
      X-Github-Request-Id:
      - C91E:0642:1E7C53C:45636FB:5AF5293B
    body:
      encoding: ASCII-8BIT
      string: '{"login":"AtmaVichara","id":7635493,"avatar_url":"https://avatars1.githubusercontent.com/u/7635493?v=4","gravatar_id":"","url":"https://api.github.com/users/AtmaVichara","html_url":"https://github.com/AtmaVichara","followers_url":"https://api.github.com/users/AtmaVichara/followers","following_url":"https://api.github.com/users/AtmaVichara/following{/other_user}","gists_url":"https://api.github.com/users/AtmaVichara/gists{/gist_id}","starred_url":"https://api.github.com/users/AtmaVichara/starred{/owner}{/repo}","subscriptions_url":"https://api.github.com/users/AtmaVichara/subscriptions","organizations_url":"https://api.github.com/users/AtmaVichara/orgs","repos_url":"https://api.github.com/users/AtmaVichara/repos","events_url":"https://api.github.com/users/AtmaVichara/events{/privacy}","received_events_url":"https://api.github.com/users/AtmaVichara/received_events","type":"User","site_admin":false,"name":"Joseph
        Jobes","company":null,"blog":"","location":null,"email":"jmrjobes@gmail.com","hireable":null,"bio":"Software
        Developer attending Turing\r\n@JosephJobes on slack","public_repos":58,"public_gists":20,"followers":6,"following":4,"created_at":"2014-05-19T21:35:43Z","updated_at":"2018-04-06T15:25:49Z"}'
    http_version: 
  recorded_at: Fri, 11 May 2018 05:25:16 GMT
- request:
    method: get
    uri: https://api.github.com/users/Mij-Strebor
    body:
      encoding: US-ASCII
      string: ''
    headers:
      User-Agent:
      - Faraday v0.12.2
      Authorization:
      - token <GITHUB OAUTH TOKEN>
      Accept-Encoding:
      - gzip;q=1.0,deflate;q=0.6,identity;q=0.3
      Accept:
      - "*/*"
  response:
    status:
      code: 200
      message: OK
    headers:
      Server:
      - GitHub.com
      Date:
      - Fri, 11 May 2018 05:25:16 GMT
      Content-Type:
      - application/json; charset=utf-8
      Transfer-Encoding:
      - chunked
      Status:
      - 200 OK
      X-Ratelimit-Limit:
      - '5000'
      X-Ratelimit-Remaining:
      - '4937'
      X-Ratelimit-Reset:
      - '1526018487'
      Cache-Control:
      - private, max-age=60, s-maxage=60
      Vary:
      - Accept, Authorization, Cookie, X-GitHub-OTP
      Etag:
      - W/"145e703a6b412ec63dd13cb7de9db28b"
      Last-Modified:
      - Mon, 31 Jul 2017 21:51:35 GMT
      X-Oauth-Scopes:
      - ''
      X-Accepted-Oauth-Scopes:
      - ''
      X-Oauth-Client-Id:
      - bff9e878c77272925590
      X-Github-Media-Type:
      - github.v3; format=json
      Access-Control-Expose-Headers:
      - ETag, Link, Retry-After, X-GitHub-OTP, X-RateLimit-Limit, X-RateLimit-Remaining,
        X-RateLimit-Reset, X-OAuth-Scopes, X-Accepted-OAuth-Scopes, X-Poll-Interval
      Access-Control-Allow-Origin:
      - "*"
      Strict-Transport-Security:
      - max-age=31536000; includeSubdomains; preload
      X-Frame-Options:
      - deny
      X-Content-Type-Options:
      - nosniff
      X-Xss-Protection:
      - 1; mode=block
      Referrer-Policy:
      - origin-when-cross-origin, strict-origin-when-cross-origin
      Content-Security-Policy:
      - default-src 'none'
      X-Runtime-Rack:
      - '0.044058'
      X-Github-Request-Id:
      - C91F:0644:39FBCCD:6F3E162:5AF5293C
    body:
      encoding: ASCII-8BIT
      string: '{"login":"Mij-Strebor","id":17260842,"avatar_url":"https://avatars2.githubusercontent.com/u/17260842?v=4","gravatar_id":"","url":"https://api.github.com/users/Mij-Strebor","html_url":"https://github.com/Mij-Strebor","followers_url":"https://api.github.com/users/Mij-Strebor/followers","following_url":"https://api.github.com/users/Mij-Strebor/following{/other_user}","gists_url":"https://api.github.com/users/Mij-Strebor/gists{/gist_id}","starred_url":"https://api.github.com/users/Mij-Strebor/starred{/owner}{/repo}","subscriptions_url":"https://api.github.com/users/Mij-Strebor/subscriptions","organizations_url":"https://api.github.com/users/Mij-Strebor/orgs","repos_url":"https://api.github.com/users/Mij-Strebor/repos","events_url":"https://api.github.com/users/Mij-Strebor/events{/privacy}","received_events_url":"https://api.github.com/users/Mij-Strebor/received_events","type":"User","site_admin":false,"name":"Jim
        Roberts","company":null,"blog":"","location":"Salt Lake City, UT","email":"jim.roberts.tech@gmail.com","hireable":null,"bio":null,"public_repos":1,"public_gists":0,"followers":1,"following":1,"created_at":"2016-02-15T23:10:28Z","updated_at":"2017-07-31T21:51:35Z"}'
    http_version: 
  recorded_at: Fri, 11 May 2018 05:25:16 GMT
- request:
    method: get
    uri: https://api.github.com/users/agpiermarini
    body:
      encoding: US-ASCII
      string: ''
    headers:
      User-Agent:
      - Faraday v0.12.2
      Authorization:
      - token <GITHUB OAUTH TOKEN>
      Accept-Encoding:
      - gzip;q=1.0,deflate;q=0.6,identity;q=0.3
      Accept:
      - "*/*"
  response:
    status:
      code: 200
      message: OK
    headers:
      Server:
      - GitHub.com
      Date:
      - Fri, 11 May 2018 05:25:16 GMT
      Content-Type:
      - application/json; charset=utf-8
      Transfer-Encoding:
      - chunked
      Status:
      - 200 OK
      X-Ratelimit-Limit:
      - '5000'
      X-Ratelimit-Remaining:
      - '4936'
      X-Ratelimit-Reset:
      - '1526018487'
      Cache-Control:
      - private, max-age=60, s-maxage=60
      Vary:
      - Accept, Authorization, Cookie, X-GitHub-OTP
      Etag:
      - W/"3959e17e73604f54ca92f006ebf24ff5"
      Last-Modified:
      - Thu, 10 May 2018 15:18:19 GMT
      X-Oauth-Scopes:
      - ''
      X-Accepted-Oauth-Scopes:
      - ''
      X-Oauth-Client-Id:
      - bff9e878c77272925590
      X-Github-Media-Type:
      - github.v3; format=json
      Access-Control-Expose-Headers:
      - ETag, Link, Retry-After, X-GitHub-OTP, X-RateLimit-Limit, X-RateLimit-Remaining,
        X-RateLimit-Reset, X-OAuth-Scopes, X-Accepted-OAuth-Scopes, X-Poll-Interval
      Access-Control-Allow-Origin:
      - "*"
      Strict-Transport-Security:
      - max-age=31536000; includeSubdomains; preload
      X-Frame-Options:
      - deny
      X-Content-Type-Options:
      - nosniff
      X-Xss-Protection:
      - 1; mode=block
      Referrer-Policy:
      - origin-when-cross-origin, strict-origin-when-cross-origin
      Content-Security-Policy:
      - default-src 'none'
      X-Runtime-Rack:
      - '0.044195'
      X-Github-Request-Id:
      - C920:0642:1E7C583:4563791:5AF5293C
    body:
      encoding: ASCII-8BIT
      string: '{"login":"agpiermarini","id":19535775,"avatar_url":"https://avatars1.githubusercontent.com/u/19535775?v=4","gravatar_id":"","url":"https://api.github.com/users/agpiermarini","html_url":"https://github.com/agpiermarini","followers_url":"https://api.github.com/users/agpiermarini/followers","following_url":"https://api.github.com/users/agpiermarini/following{/other_user}","gists_url":"https://api.github.com/users/agpiermarini/gists{/gist_id}","starred_url":"https://api.github.com/users/agpiermarini/starred{/owner}{/repo}","subscriptions_url":"https://api.github.com/users/agpiermarini/subscriptions","organizations_url":"https://api.github.com/users/agpiermarini/orgs","repos_url":"https://api.github.com/users/agpiermarini/repos","events_url":"https://api.github.com/users/agpiermarini/events{/privacy}","received_events_url":"https://api.github.com/users/agpiermarini/received_events","type":"User","site_admin":false,"name":"Andrew
        Piermarini","company":null,"blog":"","location":null,"email":null,"hireable":null,"bio":null,"public_repos":37,"public_gists":3,"followers":3,"following":0,"created_at":"2016-05-23T15:58:32Z","updated_at":"2018-05-10T15:18:19Z"}'
    http_version: 
  recorded_at: Fri, 11 May 2018 05:25:16 GMT
- request:
    method: get
    uri: https://api.github.com/users/plato721/following
    body:
      encoding: US-ASCII
      string: ''
    headers:
      User-Agent:
      - Faraday v0.12.2
      Authorization:
      - token <GITHUB OAUTH TOKEN>
      Accept-Encoding:
      - gzip;q=1.0,deflate;q=0.6,identity;q=0.3
      Accept:
      - "*/*"
  response:
    status:
      code: 200
      message: OK
    headers:
      Server:
      - GitHub.com
      Date:
      - Fri, 11 May 2018 05:25:16 GMT
      Content-Type:
      - application/json; charset=utf-8
      Transfer-Encoding:
      - chunked
      Status:
      - 200 OK
      X-Ratelimit-Limit:
      - '5000'
      X-Ratelimit-Remaining:
      - '4935'
      X-Ratelimit-Reset:
      - '1526018487'
      Cache-Control:
      - private, max-age=60, s-maxage=60
      Vary:
      - Accept, Authorization, Cookie, X-GitHub-OTP
      Etag:
      - W/"2fcaaa42ca4a70aa190f4151cc6718fc"
      X-Oauth-Scopes:
      - ''
      X-Accepted-Oauth-Scopes:
      - ''
      X-Oauth-Client-Id:
      - bff9e878c77272925590
      X-Github-Media-Type:
      - github.v3; format=json
      Access-Control-Expose-Headers:
      - ETag, Link, Retry-After, X-GitHub-OTP, X-RateLimit-Limit, X-RateLimit-Remaining,
        X-RateLimit-Reset, X-OAuth-Scopes, X-Accepted-OAuth-Scopes, X-Poll-Interval
      Access-Control-Allow-Origin:
      - "*"
      Strict-Transport-Security:
      - max-age=31536000; includeSubdomains; preload
      X-Frame-Options:
      - deny
      X-Content-Type-Options:
      - nosniff
      X-Xss-Protection:
      - 1; mode=block
      Referrer-Policy:
      - origin-when-cross-origin, strict-origin-when-cross-origin
      Content-Security-Policy:
      - default-src 'none'
      X-Runtime-Rack:
      - '0.043228'
      X-Github-Request-Id:
      - C921:0644:39FBD51:6F3E249:5AF5293C
    body:
      encoding: ASCII-8BIT
      string: '[{"login":"patmaddox","id":1111,"avatar_url":"https://avatars2.githubusercontent.com/u/1111?v=4","gravatar_id":"","url":"https://api.github.com/users/patmaddox","html_url":"https://github.com/patmaddox","followers_url":"https://api.github.com/users/patmaddox/followers","following_url":"https://api.github.com/users/patmaddox/following{/other_user}","gists_url":"https://api.github.com/users/patmaddox/gists{/gist_id}","starred_url":"https://api.github.com/users/patmaddox/starred{/owner}{/repo}","subscriptions_url":"https://api.github.com/users/patmaddox/subscriptions","organizations_url":"https://api.github.com/users/patmaddox/orgs","repos_url":"https://api.github.com/users/patmaddox/repos","events_url":"https://api.github.com/users/patmaddox/events{/privacy}","received_events_url":"https://api.github.com/users/patmaddox/received_events","type":"User","site_admin":false},{"login":"shanewholloway","id":210197,"avatar_url":"https://avatars1.githubusercontent.com/u/210197?v=4","gravatar_id":"","url":"https://api.github.com/users/shanewholloway","html_url":"https://github.com/shanewholloway","followers_url":"https://api.github.com/users/shanewholloway/followers","following_url":"https://api.github.com/users/shanewholloway/following{/other_user}","gists_url":"https://api.github.com/users/shanewholloway/gists{/gist_id}","starred_url":"https://api.github.com/users/shanewholloway/starred{/owner}{/repo}","subscriptions_url":"https://api.github.com/users/shanewholloway/subscriptions","organizations_url":"https://api.github.com/users/shanewholloway/orgs","repos_url":"https://api.github.com/users/shanewholloway/repos","events_url":"https://api.github.com/users/shanewholloway/events{/privacy}","received_events_url":"https://api.github.com/users/shanewholloway/received_events","type":"User","site_admin":false},{"login":"richhaase","id":987317,"avatar_url":"https://avatars0.githubusercontent.com/u/987317?v=4","gravatar_id":"","url":"https://api.github.com/users/richhaase","html_url":"https://github.com/richhaase","followers_url":"https://api.github.com/users/richhaase/followers","following_url":"https://api.github.com/users/richhaase/following{/other_user}","gists_url":"https://api.github.com/users/richhaase/gists{/gist_id}","starred_url":"https://api.github.com/users/richhaase/starred{/owner}{/repo}","subscriptions_url":"https://api.github.com/users/richhaase/subscriptions","organizations_url":"https://api.github.com/users/richhaase/orgs","repos_url":"https://api.github.com/users/richhaase/repos","events_url":"https://api.github.com/users/richhaase/events{/privacy}","received_events_url":"https://api.github.com/users/richhaase/received_events","type":"User","site_admin":false},{"login":"russelleh","id":7073471,"avatar_url":"https://avatars1.githubusercontent.com/u/7073471?v=4","gravatar_id":"","url":"https://api.github.com/users/russelleh","html_url":"https://github.com/russelleh","followers_url":"https://api.github.com/users/russelleh/followers","following_url":"https://api.github.com/users/russelleh/following{/other_user}","gists_url":"https://api.github.com/users/russelleh/gists{/gist_id}","starred_url":"https://api.github.com/users/russelleh/starred{/owner}{/repo}","subscriptions_url":"https://api.github.com/users/russelleh/subscriptions","organizations_url":"https://api.github.com/users/russelleh/orgs","repos_url":"https://api.github.com/users/russelleh/repos","events_url":"https://api.github.com/users/russelleh/events{/privacy}","received_events_url":"https://api.github.com/users/russelleh/received_events","type":"User","site_admin":false},{"login":"AtmaVichara","id":7635493,"avatar_url":"https://avatars1.githubusercontent.com/u/7635493?v=4","gravatar_id":"","url":"https://api.github.com/users/AtmaVichara","html_url":"https://github.com/AtmaVichara","followers_url":"https://api.github.com/users/AtmaVichara/followers","following_url":"https://api.github.com/users/AtmaVichara/following{/other_user}","gists_url":"https://api.github.com/users/AtmaVichara/gists{/gist_id}","starred_url":"https://api.github.com/users/AtmaVichara/starred{/owner}{/repo}","subscriptions_url":"https://api.github.com/users/AtmaVichara/subscriptions","organizations_url":"https://api.github.com/users/AtmaVichara/orgs","repos_url":"https://api.github.com/users/AtmaVichara/repos","events_url":"https://api.github.com/users/AtmaVichara/events{/privacy}","received_events_url":"https://api.github.com/users/AtmaVichara/received_events","type":"User","site_admin":false},{"login":"Mij-Strebor","id":17260842,"avatar_url":"https://avatars2.githubusercontent.com/u/17260842?v=4","gravatar_id":"","url":"https://api.github.com/users/Mij-Strebor","html_url":"https://github.com/Mij-Strebor","followers_url":"https://api.github.com/users/Mij-Strebor/followers","following_url":"https://api.github.com/users/Mij-Strebor/following{/other_user}","gists_url":"https://api.github.com/users/Mij-Strebor/gists{/gist_id}","starred_url":"https://api.github.com/users/Mij-Strebor/starred{/owner}{/repo}","subscriptions_url":"https://api.github.com/users/Mij-Strebor/subscriptions","organizations_url":"https://api.github.com/users/Mij-Strebor/orgs","repos_url":"https://api.github.com/users/Mij-Strebor/repos","events_url":"https://api.github.com/users/Mij-Strebor/events{/privacy}","received_events_url":"https://api.github.com/users/Mij-Strebor/received_events","type":"User","site_admin":false},{"login":"agpiermarini","id":19535775,"avatar_url":"https://avatars1.githubusercontent.com/u/19535775?v=4","gravatar_id":"","url":"https://api.github.com/users/agpiermarini","html_url":"https://github.com/agpiermarini","followers_url":"https://api.github.com/users/agpiermarini/followers","following_url":"https://api.github.com/users/agpiermarini/following{/other_user}","gists_url":"https://api.github.com/users/agpiermarini/gists{/gist_id}","starred_url":"https://api.github.com/users/agpiermarini/starred{/owner}{/repo}","subscriptions_url":"https://api.github.com/users/agpiermarini/subscriptions","organizations_url":"https://api.github.com/users/agpiermarini/orgs","repos_url":"https://api.github.com/users/agpiermarini/repos","events_url":"https://api.github.com/users/agpiermarini/events{/privacy}","received_events_url":"https://api.github.com/users/agpiermarini/received_events","type":"User","site_admin":false}]'
    http_version: 
  recorded_at: Fri, 11 May 2018 05:25:16 GMT
- request:
    method: get
    uri: https://api.github.com/users/patmaddox
    body:
      encoding: US-ASCII
      string: ''
    headers:
      User-Agent:
      - Faraday v0.12.2
      Authorization:
      - token <GITHUB OAUTH TOKEN>
      Accept-Encoding:
      - gzip;q=1.0,deflate;q=0.6,identity;q=0.3
      Accept:
      - "*/*"
  response:
    status:
      code: 200
      message: OK
    headers:
      Server:
      - GitHub.com
      Date:
      - Fri, 11 May 2018 05:25:17 GMT
      Content-Type:
      - application/json; charset=utf-8
      Transfer-Encoding:
      - chunked
      Status:
      - 200 OK
      X-Ratelimit-Limit:
      - '5000'
      X-Ratelimit-Remaining:
      - '4934'
      X-Ratelimit-Reset:
      - '1526018487'
      Cache-Control:
      - private, max-age=60, s-maxage=60
      Vary:
      - Accept, Authorization, Cookie, X-GitHub-OTP
      Etag:
      - W/"4a67b08bb31d84f35e13c5af07156b26"
      Last-Modified:
      - Wed, 09 May 2018 09:49:34 GMT
      X-Oauth-Scopes:
      - ''
      X-Accepted-Oauth-Scopes:
      - ''
      X-Oauth-Client-Id:
      - bff9e878c77272925590
      X-Github-Media-Type:
      - github.v3; format=json
      Access-Control-Expose-Headers:
      - ETag, Link, Retry-After, X-GitHub-OTP, X-RateLimit-Limit, X-RateLimit-Remaining,
        X-RateLimit-Reset, X-OAuth-Scopes, X-Accepted-OAuth-Scopes, X-Poll-Interval
      Access-Control-Allow-Origin:
      - "*"
      Strict-Transport-Security:
      - max-age=31536000; includeSubdomains; preload
      X-Frame-Options:
      - deny
      X-Content-Type-Options:
      - nosniff
      X-Xss-Protection:
      - 1; mode=block
      Referrer-Policy:
      - origin-when-cross-origin, strict-origin-when-cross-origin
      Content-Security-Policy:
      - default-src 'none'
      X-Runtime-Rack:
      - '0.049424'
      X-Github-Request-Id:
      - C922:0643:2C417B2:5D6AA4C:5AF5293D
    body:
      encoding: ASCII-8BIT
      string: '{"login":"patmaddox","id":1111,"avatar_url":"https://avatars2.githubusercontent.com/u/1111?v=4","gravatar_id":"","url":"https://api.github.com/users/patmaddox","html_url":"https://github.com/patmaddox","followers_url":"https://api.github.com/users/patmaddox/followers","following_url":"https://api.github.com/users/patmaddox/following{/other_user}","gists_url":"https://api.github.com/users/patmaddox/gists{/gist_id}","starred_url":"https://api.github.com/users/patmaddox/starred{/owner}{/repo}","subscriptions_url":"https://api.github.com/users/patmaddox/subscriptions","organizations_url":"https://api.github.com/users/patmaddox/orgs","repos_url":"https://api.github.com/users/patmaddox/repos","events_url":"https://api.github.com/users/patmaddox/events{/privacy}","received_events_url":"https://api.github.com/users/patmaddox/received_events","type":"User","site_admin":false,"name":"Pat
        Maddox","company":"@adorableio ","blog":"https://www.rubysteps.com","location":"Salt
        Lake City","email":"pat@rubysteps.com","hireable":null,"bio":null,"public_repos":118,"public_gists":131,"followers":231,"following":86,"created_at":"2008-02-27T17:47:54Z","updated_at":"2018-05-09T09:49:34Z"}'
    http_version: 
  recorded_at: Fri, 11 May 2018 05:25:17 GMT
- request:
    method: get
    uri: https://api.github.com/users/shanewholloway
    body:
      encoding: US-ASCII
      string: ''
    headers:
      User-Agent:
      - Faraday v0.12.2
      Authorization:
      - token <GITHUB OAUTH TOKEN>
      Accept-Encoding:
      - gzip;q=1.0,deflate;q=0.6,identity;q=0.3
      Accept:
      - "*/*"
  response:
    status:
      code: 200
      message: OK
    headers:
      Server:
      - GitHub.com
      Date:
      - Fri, 11 May 2018 05:25:17 GMT
      Content-Type:
      - application/json; charset=utf-8
      Transfer-Encoding:
      - chunked
      Status:
      - 200 OK
      X-Ratelimit-Limit:
      - '5000'
      X-Ratelimit-Remaining:
      - '4933'
      X-Ratelimit-Reset:
      - '1526018487'
      Cache-Control:
      - private, max-age=60, s-maxage=60
      Vary:
      - Accept, Authorization, Cookie, X-GitHub-OTP
      Etag:
      - W/"c97e05c0117bbbdf54a576b05e8c91bc"
      Last-Modified:
      - Tue, 08 May 2018 16:33:16 GMT
      X-Oauth-Scopes:
      - ''
      X-Accepted-Oauth-Scopes:
      - ''
      X-Oauth-Client-Id:
      - bff9e878c77272925590
      X-Github-Media-Type:
      - github.v3; format=json
      Access-Control-Expose-Headers:
      - ETag, Link, Retry-After, X-GitHub-OTP, X-RateLimit-Limit, X-RateLimit-Remaining,
        X-RateLimit-Reset, X-OAuth-Scopes, X-Accepted-OAuth-Scopes, X-Poll-Interval
      Access-Control-Allow-Origin:
      - "*"
      Strict-Transport-Security:
      - max-age=31536000; includeSubdomains; preload
      X-Frame-Options:
      - deny
      X-Content-Type-Options:
      - nosniff
      X-Xss-Protection:
      - 1; mode=block
      Referrer-Policy:
      - origin-when-cross-origin, strict-origin-when-cross-origin
      Content-Security-Policy:
      - default-src 'none'
      X-Runtime-Rack:
      - '0.040296'
      X-Github-Request-Id:
      - C923:0644:39FBDDA:6F3E335:5AF5293D
    body:
      encoding: ASCII-8BIT
      string: '{"login":"shanewholloway","id":210197,"avatar_url":"https://avatars1.githubusercontent.com/u/210197?v=4","gravatar_id":"","url":"https://api.github.com/users/shanewholloway","html_url":"https://github.com/shanewholloway","followers_url":"https://api.github.com/users/shanewholloway/followers","following_url":"https://api.github.com/users/shanewholloway/following{/other_user}","gists_url":"https://api.github.com/users/shanewholloway/gists{/gist_id}","starred_url":"https://api.github.com/users/shanewholloway/starred{/owner}{/repo}","subscriptions_url":"https://api.github.com/users/shanewholloway/subscriptions","organizations_url":"https://api.github.com/users/shanewholloway/orgs","repos_url":"https://api.github.com/users/shanewholloway/repos","events_url":"https://api.github.com/users/shanewholloway/events{/privacy}","received_events_url":"https://api.github.com/users/shanewholloway/received_events","type":"User","site_admin":false,"name":"Shane
        Holloway","company":null,"blog":"http://shaneholloway.com","location":"Colorado
        Springs, CO","email":"shane.holloway@ieee.org","hireable":true,"bio":null,"public_repos":83,"public_gists":28,"followers":23,"following":60,"created_at":"2010-02-24T19:46:23Z","updated_at":"2018-05-08T16:33:16Z"}'
    http_version: 
  recorded_at: Fri, 11 May 2018 05:25:17 GMT
- request:
    method: get
    uri: https://api.github.com/users/richhaase
    body:
      encoding: US-ASCII
      string: ''
    headers:
      User-Agent:
      - Faraday v0.12.2
      Authorization:
      - token <GITHUB OAUTH TOKEN>
      Accept-Encoding:
      - gzip;q=1.0,deflate;q=0.6,identity;q=0.3
      Accept:
      - "*/*"
  response:
    status:
      code: 200
      message: OK
    headers:
      Server:
      - GitHub.com
      Date:
      - Fri, 11 May 2018 05:25:17 GMT
      Content-Type:
      - application/json; charset=utf-8
      Transfer-Encoding:
      - chunked
      Status:
      - 200 OK
      X-Ratelimit-Limit:
      - '5000'
      X-Ratelimit-Remaining:
      - '4932'
      X-Ratelimit-Reset:
      - '1526018487'
      Cache-Control:
      - private, max-age=60, s-maxage=60
      Vary:
      - Accept, Authorization, Cookie, X-GitHub-OTP
      Etag:
      - W/"9cf9f171d9cdde73b1df6615083a132e"
      Last-Modified:
      - Tue, 08 May 2018 21:41:17 GMT
      X-Oauth-Scopes:
      - ''
      X-Accepted-Oauth-Scopes:
      - ''
      X-Oauth-Client-Id:
      - bff9e878c77272925590
      X-Github-Media-Type:
      - github.v3; format=json
      Access-Control-Expose-Headers:
      - ETag, Link, Retry-After, X-GitHub-OTP, X-RateLimit-Limit, X-RateLimit-Remaining,
        X-RateLimit-Reset, X-OAuth-Scopes, X-Accepted-OAuth-Scopes, X-Poll-Interval
      Access-Control-Allow-Origin:
      - "*"
      Strict-Transport-Security:
      - max-age=31536000; includeSubdomains; preload
      X-Frame-Options:
      - deny
      X-Content-Type-Options:
      - nosniff
      X-Xss-Protection:
      - 1; mode=block
      Referrer-Policy:
      - origin-when-cross-origin, strict-origin-when-cross-origin
      Content-Security-Policy:
      - default-src 'none'
      X-Runtime-Rack:
      - '0.044818'
      X-Github-Request-Id:
      - C924:0642:1E7C601:456388F:5AF5293D
    body:
      encoding: ASCII-8BIT
      string: '{"login":"richhaase","id":987317,"avatar_url":"https://avatars0.githubusercontent.com/u/987317?v=4","gravatar_id":"","url":"https://api.github.com/users/richhaase","html_url":"https://github.com/richhaase","followers_url":"https://api.github.com/users/richhaase/followers","following_url":"https://api.github.com/users/richhaase/following{/other_user}","gists_url":"https://api.github.com/users/richhaase/gists{/gist_id}","starred_url":"https://api.github.com/users/richhaase/starred{/owner}{/repo}","subscriptions_url":"https://api.github.com/users/richhaase/subscriptions","organizations_url":"https://api.github.com/users/richhaase/orgs","repos_url":"https://api.github.com/users/richhaase/repos","events_url":"https://api.github.com/users/richhaase/events{/privacy}","received_events_url":"https://api.github.com/users/richhaase/received_events","type":"User","site_admin":false,"name":"Rich
        Haase","company":null,"blog":"","location":null,"email":null,"hireable":null,"bio":null,"public_repos":14,"public_gists":0,"followers":4,"following":4,"created_at":"2011-08-17T22:42:04Z","updated_at":"2018-05-08T21:41:17Z"}'
    http_version: 
  recorded_at: Fri, 11 May 2018 05:25:17 GMT
- request:
    method: get
    uri: https://api.github.com/users/russelleh
    body:
      encoding: US-ASCII
      string: ''
    headers:
      User-Agent:
      - Faraday v0.12.2
      Authorization:
      - token <GITHUB OAUTH TOKEN>
      Accept-Encoding:
      - gzip;q=1.0,deflate;q=0.6,identity;q=0.3
      Accept:
      - "*/*"
  response:
    status:
      code: 200
      message: OK
    headers:
      Server:
      - GitHub.com
      Date:
      - Fri, 11 May 2018 05:25:18 GMT
      Content-Type:
      - application/json; charset=utf-8
      Transfer-Encoding:
      - chunked
      Status:
      - 200 OK
      X-Ratelimit-Limit:
      - '5000'
      X-Ratelimit-Remaining:
      - '4931'
      X-Ratelimit-Reset:
      - '1526018487'
      Cache-Control:
      - private, max-age=60, s-maxage=60
      Vary:
      - Accept, Authorization, Cookie, X-GitHub-OTP
      Etag:
      - W/"ba50f9b11339c1a52e5474a1de1ad767"
      Last-Modified:
      - Thu, 15 Mar 2018 16:54:33 GMT
      X-Oauth-Scopes:
      - ''
      X-Accepted-Oauth-Scopes:
      - ''
      X-Oauth-Client-Id:
      - bff9e878c77272925590
      X-Github-Media-Type:
      - github.v3; format=json
      Access-Control-Expose-Headers:
      - ETag, Link, Retry-After, X-GitHub-OTP, X-RateLimit-Limit, X-RateLimit-Remaining,
        X-RateLimit-Reset, X-OAuth-Scopes, X-Accepted-OAuth-Scopes, X-Poll-Interval
      Access-Control-Allow-Origin:
      - "*"
      Strict-Transport-Security:
      - max-age=31536000; includeSubdomains; preload
      X-Frame-Options:
      - deny
      X-Content-Type-Options:
      - nosniff
      X-Xss-Protection:
      - 1; mode=block
      Referrer-Policy:
      - origin-when-cross-origin, strict-origin-when-cross-origin
      Content-Security-Policy:
      - default-src 'none'
      X-Runtime-Rack:
      - '0.040471'
      X-Github-Request-Id:
      - C925:0643:2C41816:5D6AB4E:5AF5293D
    body:
      encoding: ASCII-8BIT
      string: '{"login":"russelleh","id":7073471,"avatar_url":"https://avatars1.githubusercontent.com/u/7073471?v=4","gravatar_id":"","url":"https://api.github.com/users/russelleh","html_url":"https://github.com/russelleh","followers_url":"https://api.github.com/users/russelleh/followers","following_url":"https://api.github.com/users/russelleh/following{/other_user}","gists_url":"https://api.github.com/users/russelleh/gists{/gist_id}","starred_url":"https://api.github.com/users/russelleh/starred{/owner}{/repo}","subscriptions_url":"https://api.github.com/users/russelleh/subscriptions","organizations_url":"https://api.github.com/users/russelleh/orgs","repos_url":"https://api.github.com/users/russelleh/repos","events_url":"https://api.github.com/users/russelleh/events{/privacy}","received_events_url":"https://api.github.com/users/russelleh/received_events","type":"User","site_admin":false,"name":"Russell
        E H","company":null,"blog":"","location":null,"email":"russell.west.eh@gmail.com","hireable":null,"bio":null,"public_repos":61,"public_gists":8,"followers":5,"following":0,"created_at":"2014-03-26T18:33:38Z","updated_at":"2018-03-15T16:54:33Z"}'
    http_version: 
  recorded_at: Fri, 11 May 2018 05:25:18 GMT
- request:
    method: get
    uri: https://api.github.com/users/AtmaVichara
    body:
      encoding: US-ASCII
      string: ''
    headers:
      User-Agent:
      - Faraday v0.12.2
      Authorization:
      - token <GITHUB OAUTH TOKEN>
      Accept-Encoding:
      - gzip;q=1.0,deflate;q=0.6,identity;q=0.3
      Accept:
      - "*/*"
  response:
    status:
      code: 200
      message: OK
    headers:
      Server:
      - GitHub.com
      Date:
      - Fri, 11 May 2018 05:25:18 GMT
      Content-Type:
      - application/json; charset=utf-8
      Transfer-Encoding:
      - chunked
      Status:
      - 200 OK
      X-Ratelimit-Limit:
      - '5000'
      X-Ratelimit-Remaining:
      - '4930'
      X-Ratelimit-Reset:
      - '1526018487'
      Cache-Control:
      - private, max-age=60, s-maxage=60
      Vary:
      - Accept, Authorization, Cookie, X-GitHub-OTP
      Etag:
      - W/"cb114daf6151aa8036a4a053e3a5d292"
      Last-Modified:
      - Fri, 06 Apr 2018 15:25:49 GMT
      X-Oauth-Scopes:
      - ''
      X-Accepted-Oauth-Scopes:
      - ''
      X-Oauth-Client-Id:
      - bff9e878c77272925590
      X-Github-Media-Type:
      - github.v3; format=json
      Access-Control-Expose-Headers:
      - ETag, Link, Retry-After, X-GitHub-OTP, X-RateLimit-Limit, X-RateLimit-Remaining,
        X-RateLimit-Reset, X-OAuth-Scopes, X-Accepted-OAuth-Scopes, X-Poll-Interval
      Access-Control-Allow-Origin:
      - "*"
      Strict-Transport-Security:
      - max-age=31536000; includeSubdomains; preload
      X-Frame-Options:
      - deny
      X-Content-Type-Options:
      - nosniff
      X-Xss-Protection:
      - 1; mode=block
      Referrer-Policy:
      - origin-when-cross-origin, strict-origin-when-cross-origin
      Content-Security-Policy:
      - default-src 'none'
      X-Runtime-Rack:
      - '0.037680'
      X-Github-Request-Id:
      - C926:0641:158EB0A:322A19B:5AF5293E
    body:
      encoding: ASCII-8BIT
      string: '{"login":"AtmaVichara","id":7635493,"avatar_url":"https://avatars1.githubusercontent.com/u/7635493?v=4","gravatar_id":"","url":"https://api.github.com/users/AtmaVichara","html_url":"https://github.com/AtmaVichara","followers_url":"https://api.github.com/users/AtmaVichara/followers","following_url":"https://api.github.com/users/AtmaVichara/following{/other_user}","gists_url":"https://api.github.com/users/AtmaVichara/gists{/gist_id}","starred_url":"https://api.github.com/users/AtmaVichara/starred{/owner}{/repo}","subscriptions_url":"https://api.github.com/users/AtmaVichara/subscriptions","organizations_url":"https://api.github.com/users/AtmaVichara/orgs","repos_url":"https://api.github.com/users/AtmaVichara/repos","events_url":"https://api.github.com/users/AtmaVichara/events{/privacy}","received_events_url":"https://api.github.com/users/AtmaVichara/received_events","type":"User","site_admin":false,"name":"Joseph
        Jobes","company":null,"blog":"","location":null,"email":"jmrjobes@gmail.com","hireable":null,"bio":"Software
        Developer attending Turing\r\n@JosephJobes on slack","public_repos":58,"public_gists":20,"followers":6,"following":4,"created_at":"2014-05-19T21:35:43Z","updated_at":"2018-04-06T15:25:49Z"}'
    http_version: 
  recorded_at: Fri, 11 May 2018 05:25:18 GMT
- request:
    method: get
    uri: https://api.github.com/users/Mij-Strebor
    body:
      encoding: US-ASCII
      string: ''
    headers:
      User-Agent:
      - Faraday v0.12.2
      Authorization:
      - token <GITHUB OAUTH TOKEN>
      Accept-Encoding:
      - gzip;q=1.0,deflate;q=0.6,identity;q=0.3
      Accept:
      - "*/*"
  response:
    status:
      code: 200
      message: OK
    headers:
      Server:
      - GitHub.com
      Date:
      - Fri, 11 May 2018 05:25:18 GMT
      Content-Type:
      - application/json; charset=utf-8
      Transfer-Encoding:
      - chunked
      Status:
      - 200 OK
      X-Ratelimit-Limit:
      - '5000'
      X-Ratelimit-Remaining:
      - '4929'
      X-Ratelimit-Reset:
      - '1526018487'
      Cache-Control:
      - private, max-age=60, s-maxage=60
      Vary:
      - Accept, Authorization, Cookie, X-GitHub-OTP
      Etag:
      - W/"145e703a6b412ec63dd13cb7de9db28b"
      Last-Modified:
      - Mon, 31 Jul 2017 21:51:35 GMT
      X-Oauth-Scopes:
      - ''
      X-Accepted-Oauth-Scopes:
      - ''
      X-Oauth-Client-Id:
      - bff9e878c77272925590
      X-Github-Media-Type:
      - github.v3; format=json
      Access-Control-Expose-Headers:
      - ETag, Link, Retry-After, X-GitHub-OTP, X-RateLimit-Limit, X-RateLimit-Remaining,
        X-RateLimit-Reset, X-OAuth-Scopes, X-Accepted-OAuth-Scopes, X-Poll-Interval
      Access-Control-Allow-Origin:
      - "*"
      Strict-Transport-Security:
      - max-age=31536000; includeSubdomains; preload
      X-Frame-Options:
      - deny
      X-Content-Type-Options:
      - nosniff
      X-Xss-Protection:
      - 1; mode=block
      Referrer-Policy:
      - origin-when-cross-origin, strict-origin-when-cross-origin
      Content-Security-Policy:
      - default-src 'none'
      X-Runtime-Rack:
      - '0.047317'
      X-Github-Request-Id:
      - C927:0641:158EB12:322A1C1:5AF5293E
    body:
      encoding: ASCII-8BIT
      string: '{"login":"Mij-Strebor","id":17260842,"avatar_url":"https://avatars2.githubusercontent.com/u/17260842?v=4","gravatar_id":"","url":"https://api.github.com/users/Mij-Strebor","html_url":"https://github.com/Mij-Strebor","followers_url":"https://api.github.com/users/Mij-Strebor/followers","following_url":"https://api.github.com/users/Mij-Strebor/following{/other_user}","gists_url":"https://api.github.com/users/Mij-Strebor/gists{/gist_id}","starred_url":"https://api.github.com/users/Mij-Strebor/starred{/owner}{/repo}","subscriptions_url":"https://api.github.com/users/Mij-Strebor/subscriptions","organizations_url":"https://api.github.com/users/Mij-Strebor/orgs","repos_url":"https://api.github.com/users/Mij-Strebor/repos","events_url":"https://api.github.com/users/Mij-Strebor/events{/privacy}","received_events_url":"https://api.github.com/users/Mij-Strebor/received_events","type":"User","site_admin":false,"name":"Jim
        Roberts","company":null,"blog":"","location":"Salt Lake City, UT","email":"jim.roberts.tech@gmail.com","hireable":null,"bio":null,"public_repos":1,"public_gists":0,"followers":1,"following":1,"created_at":"2016-02-15T23:10:28Z","updated_at":"2017-07-31T21:51:35Z"}'
    http_version: 
  recorded_at: Fri, 11 May 2018 05:25:18 GMT
- request:
    method: get
    uri: https://api.github.com/users/agpiermarini
    body:
      encoding: US-ASCII
      string: ''
    headers:
      User-Agent:
      - Faraday v0.12.2
      Authorization:
      - token <GITHUB OAUTH TOKEN>
      Accept-Encoding:
      - gzip;q=1.0,deflate;q=0.6,identity;q=0.3
      Accept:
      - "*/*"
  response:
    status:
      code: 200
      message: OK
    headers:
      Server:
      - GitHub.com
      Date:
      - Fri, 11 May 2018 05:25:19 GMT
      Content-Type:
      - application/json; charset=utf-8
      Transfer-Encoding:
      - chunked
      Status:
      - 200 OK
      X-Ratelimit-Limit:
      - '5000'
      X-Ratelimit-Remaining:
      - '4928'
      X-Ratelimit-Reset:
      - '1526018487'
      Cache-Control:
      - private, max-age=60, s-maxage=60
      Vary:
      - Accept, Authorization, Cookie, X-GitHub-OTP
      Etag:
      - W/"3959e17e73604f54ca92f006ebf24ff5"
      Last-Modified:
      - Thu, 10 May 2018 15:18:19 GMT
      X-Oauth-Scopes:
      - ''
      X-Accepted-Oauth-Scopes:
      - ''
      X-Oauth-Client-Id:
      - bff9e878c77272925590
      X-Github-Media-Type:
      - github.v3; format=json
      Access-Control-Expose-Headers:
      - ETag, Link, Retry-After, X-GitHub-OTP, X-RateLimit-Limit, X-RateLimit-Remaining,
        X-RateLimit-Reset, X-OAuth-Scopes, X-Accepted-OAuth-Scopes, X-Poll-Interval
      Access-Control-Allow-Origin:
      - "*"
      Strict-Transport-Security:
      - max-age=31536000; includeSubdomains; preload
      X-Frame-Options:
      - deny
      X-Content-Type-Options:
      - nosniff
      X-Xss-Protection:
      - 1; mode=block
      Referrer-Policy:
      - origin-when-cross-origin, strict-origin-when-cross-origin
      Content-Security-Policy:
      - default-src 'none'
      X-Runtime-Rack:
      - '0.040126'
      X-Github-Request-Id:
      - C928:0643:2C4186B:5D6AC34:5AF5293E
    body:
      encoding: ASCII-8BIT
      string: '{"login":"agpiermarini","id":19535775,"avatar_url":"https://avatars1.githubusercontent.com/u/19535775?v=4","gravatar_id":"","url":"https://api.github.com/users/agpiermarini","html_url":"https://github.com/agpiermarini","followers_url":"https://api.github.com/users/agpiermarini/followers","following_url":"https://api.github.com/users/agpiermarini/following{/other_user}","gists_url":"https://api.github.com/users/agpiermarini/gists{/gist_id}","starred_url":"https://api.github.com/users/agpiermarini/starred{/owner}{/repo}","subscriptions_url":"https://api.github.com/users/agpiermarini/subscriptions","organizations_url":"https://api.github.com/users/agpiermarini/orgs","repos_url":"https://api.github.com/users/agpiermarini/repos","events_url":"https://api.github.com/users/agpiermarini/events{/privacy}","received_events_url":"https://api.github.com/users/agpiermarini/received_events","type":"User","site_admin":false,"name":"Andrew
        Piermarini","company":null,"blog":"","location":null,"email":null,"hireable":null,"bio":null,"public_repos":37,"public_gists":3,"followers":3,"following":0,"created_at":"2016-05-23T15:58:32Z","updated_at":"2018-05-10T15:18:19Z"}'
    http_version: 
  recorded_at: Fri, 11 May 2018 05:25:19 GMT
recorded_with: VCR 4.0.0
