---
http_interactions:
- request:
    method: get
    uri: https://api.github.com/users/agpiermarini
    body:
      encoding: US-ASCII
      string: ''
    headers:
      User-Agent:
      - Faraday v0.12.2
      Authorization:
      - token <GITHUB OAUTH TOKEN>
      Accept-Encoding:
      - gzip;q=1.0,deflate;q=0.6,identity;q=0.3
      Accept:
      - "*/*"
  response:
    status:
      code: 200
      message: OK
    headers:
      Server:
      - GitHub.com
      Date:
      - Thu, 10 May 2018 21:47:25 GMT
      Content-Type:
      - application/json; charset=utf-8
      Transfer-Encoding:
      - chunked
      Status:
      - 200 OK
      X-Ratelimit-Limit:
      - '5000'
      X-Ratelimit-Remaining:
      - '4897'
      X-Ratelimit-Reset:
      - '1525990997'
      Cache-Control:
      - private, max-age=60, s-maxage=60
      Vary:
      - Accept, Authorization, Cookie, X-GitHub-OTP
      Etag:
      - W/"3959e17e73604f54ca92f006ebf24ff5"
      Last-Modified:
      - Thu, 10 May 2018 15:18:19 GMT
      X-Oauth-Scopes:
      - ''
      X-Accepted-Oauth-Scopes:
      - ''
      X-Oauth-Client-Id:
      - bff9e878c77272925590
      X-Github-Media-Type:
      - github.v3; format=json
      Access-Control-Expose-Headers:
      - ETag, Link, Retry-After, X-GitHub-OTP, X-RateLimit-Limit, X-RateLimit-Remaining,
        X-RateLimit-Reset, X-OAuth-Scopes, X-Accepted-OAuth-Scopes, X-Poll-Interval
      Access-Control-Allow-Origin:
      - "*"
      Strict-Transport-Security:
      - max-age=31536000; includeSubdomains; preload
      X-Frame-Options:
      - deny
      X-Content-Type-Options:
      - nosniff
      X-Xss-Protection:
      - 1; mode=block
      Referrer-Policy:
      - origin-when-cross-origin, strict-origin-when-cross-origin
      Content-Security-Policy:
      - default-src 'none'
      X-Runtime-Rack:
      - '0.040576'
      X-Github-Request-Id:
      - E1A0:5663:1C56332:3BC6C3F:5AF4BDED
    body:
      encoding: ASCII-8BIT
      string: '{"login":"agpiermarini","id":19535775,"avatar_url":"https://avatars1.githubusercontent.com/u/19535775?v=4","gravatar_id":"","url":"https://api.github.com/users/agpiermarini","html_url":"https://github.com/agpiermarini","followers_url":"https://api.github.com/users/agpiermarini/followers","following_url":"https://api.github.com/users/agpiermarini/following{/other_user}","gists_url":"https://api.github.com/users/agpiermarini/gists{/gist_id}","starred_url":"https://api.github.com/users/agpiermarini/starred{/owner}{/repo}","subscriptions_url":"https://api.github.com/users/agpiermarini/subscriptions","organizations_url":"https://api.github.com/users/agpiermarini/orgs","repos_url":"https://api.github.com/users/agpiermarini/repos","events_url":"https://api.github.com/users/agpiermarini/events{/privacy}","received_events_url":"https://api.github.com/users/agpiermarini/received_events","type":"User","site_admin":false,"name":"Andrew
        Piermarini","company":null,"blog":"","location":null,"email":null,"hireable":null,"bio":null,"public_repos":37,"public_gists":3,"followers":3,"following":0,"created_at":"2016-05-23T15:58:32Z","updated_at":"2018-05-10T15:18:19Z"}'
    http_version: 
  recorded_at: Thu, 10 May 2018 21:47:25 GMT
- request:
    method: get
    uri: https://api.github.com/users/agpiermarini
    body:
      encoding: US-ASCII
      string: ''
    headers:
      User-Agent:
      - Faraday v0.12.2
      Authorization:
      - token <GITHUB OAUTH TOKEN>
      Accept-Encoding:
      - gzip;q=1.0,deflate;q=0.6,identity;q=0.3
      Accept:
      - "*/*"
  response:
    status:
      code: 200
      message: OK
    headers:
      Server:
      - GitHub.com
      Date:
      - Thu, 10 May 2018 21:47:26 GMT
      Content-Type:
      - application/json; charset=utf-8
      Transfer-Encoding:
      - chunked
      Status:
      - 200 OK
      X-Ratelimit-Limit:
      - '5000'
      X-Ratelimit-Remaining:
      - '4896'
      X-Ratelimit-Reset:
      - '1525990997'
      Cache-Control:
      - private, max-age=60, s-maxage=60
      Vary:
      - Accept, Authorization, Cookie, X-GitHub-OTP
      Etag:
      - W/"3959e17e73604f54ca92f006ebf24ff5"
      Last-Modified:
      - Thu, 10 May 2018 15:18:19 GMT
      X-Oauth-Scopes:
      - ''
      X-Accepted-Oauth-Scopes:
      - ''
      X-Oauth-Client-Id:
      - bff9e878c77272925590
      X-Github-Media-Type:
      - github.v3; format=json
      Access-Control-Expose-Headers:
      - ETag, Link, Retry-After, X-GitHub-OTP, X-RateLimit-Limit, X-RateLimit-Remaining,
        X-RateLimit-Reset, X-OAuth-Scopes, X-Accepted-OAuth-Scopes, X-Poll-Interval
      Access-Control-Allow-Origin:
      - "*"
      Strict-Transport-Security:
      - max-age=31536000; includeSubdomains; preload
      X-Frame-Options:
      - deny
      X-Content-Type-Options:
      - nosniff
      X-Xss-Protection:
      - 1; mode=block
      Referrer-Policy:
      - origin-when-cross-origin, strict-origin-when-cross-origin
      Content-Security-Policy:
      - default-src 'none'
      X-Runtime-Rack:
      - '0.045582'
      X-Github-Request-Id:
      - E1A1:5661:E7C3C2:238516B:5AF4BDEE
    body:
      encoding: ASCII-8BIT
      string: '{"login":"agpiermarini","id":19535775,"avatar_url":"https://avatars1.githubusercontent.com/u/19535775?v=4","gravatar_id":"","url":"https://api.github.com/users/agpiermarini","html_url":"https://github.com/agpiermarini","followers_url":"https://api.github.com/users/agpiermarini/followers","following_url":"https://api.github.com/users/agpiermarini/following{/other_user}","gists_url":"https://api.github.com/users/agpiermarini/gists{/gist_id}","starred_url":"https://api.github.com/users/agpiermarini/starred{/owner}{/repo}","subscriptions_url":"https://api.github.com/users/agpiermarini/subscriptions","organizations_url":"https://api.github.com/users/agpiermarini/orgs","repos_url":"https://api.github.com/users/agpiermarini/repos","events_url":"https://api.github.com/users/agpiermarini/events{/privacy}","received_events_url":"https://api.github.com/users/agpiermarini/received_events","type":"User","site_admin":false,"name":"Andrew
        Piermarini","company":null,"blog":"","location":null,"email":null,"hireable":null,"bio":null,"public_repos":37,"public_gists":3,"followers":3,"following":0,"created_at":"2016-05-23T15:58:32Z","updated_at":"2018-05-10T15:18:19Z"}'
    http_version: 
  recorded_at: Thu, 10 May 2018 21:47:26 GMT
- request:
    method: get
    uri: https://api.github.com/users/agpiermarini
    body:
      encoding: US-ASCII
      string: ''
    headers:
      User-Agent:
      - Faraday v0.12.2
      Authorization:
      - token <GITHUB OAUTH TOKEN>
      Accept-Encoding:
      - gzip;q=1.0,deflate;q=0.6,identity;q=0.3
      Accept:
      - "*/*"
  response:
    status:
      code: 200
      message: OK
    headers:
      Server:
      - GitHub.com
      Date:
      - Thu, 10 May 2018 21:47:26 GMT
      Content-Type:
      - application/json; charset=utf-8
      Transfer-Encoding:
      - chunked
      Status:
      - 200 OK
      X-Ratelimit-Limit:
      - '5000'
      X-Ratelimit-Remaining:
      - '4895'
      X-Ratelimit-Reset:
      - '1525990997'
      Cache-Control:
      - private, max-age=60, s-maxage=60
      Vary:
      - Accept, Authorization, Cookie, X-GitHub-OTP
      Etag:
      - W/"3959e17e73604f54ca92f006ebf24ff5"
      Last-Modified:
      - Thu, 10 May 2018 15:18:19 GMT
      X-Oauth-Scopes:
      - ''
      X-Accepted-Oauth-Scopes:
      - ''
      X-Oauth-Client-Id:
      - bff9e878c77272925590
      X-Github-Media-Type:
      - github.v3; format=json
      Access-Control-Expose-Headers:
      - ETag, Link, Retry-After, X-GitHub-OTP, X-RateLimit-Limit, X-RateLimit-Remaining,
        X-RateLimit-Reset, X-OAuth-Scopes, X-Accepted-OAuth-Scopes, X-Poll-Interval
      Access-Control-Allow-Origin:
      - "*"
      Strict-Transport-Security:
      - max-age=31536000; includeSubdomains; preload
      X-Frame-Options:
      - deny
      X-Content-Type-Options:
      - nosniff
      X-Xss-Protection:
      - 1; mode=block
      Referrer-Policy:
      - origin-when-cross-origin, strict-origin-when-cross-origin
      Content-Security-Policy:
      - default-src 'none'
      X-Runtime-Rack:
      - '0.043920'
      X-Github-Request-Id:
      - E1A2:5663:1C5635C:3BC6CB8:5AF4BDEE
    body:
      encoding: ASCII-8BIT
      string: '{"login":"agpiermarini","id":19535775,"avatar_url":"https://avatars1.githubusercontent.com/u/19535775?v=4","gravatar_id":"","url":"https://api.github.com/users/agpiermarini","html_url":"https://github.com/agpiermarini","followers_url":"https://api.github.com/users/agpiermarini/followers","following_url":"https://api.github.com/users/agpiermarini/following{/other_user}","gists_url":"https://api.github.com/users/agpiermarini/gists{/gist_id}","starred_url":"https://api.github.com/users/agpiermarini/starred{/owner}{/repo}","subscriptions_url":"https://api.github.com/users/agpiermarini/subscriptions","organizations_url":"https://api.github.com/users/agpiermarini/orgs","repos_url":"https://api.github.com/users/agpiermarini/repos","events_url":"https://api.github.com/users/agpiermarini/events{/privacy}","received_events_url":"https://api.github.com/users/agpiermarini/received_events","type":"User","site_admin":false,"name":"Andrew
        Piermarini","company":null,"blog":"","location":null,"email":null,"hireable":null,"bio":null,"public_repos":37,"public_gists":3,"followers":3,"following":0,"created_at":"2016-05-23T15:58:32Z","updated_at":"2018-05-10T15:18:19Z"}'
    http_version: 
  recorded_at: Thu, 10 May 2018 21:47:26 GMT
- request:
    method: get
    uri: https://api.github.com/users/agpiermarini
    body:
      encoding: US-ASCII
      string: ''
    headers:
      User-Agent:
      - Faraday v0.12.2
      Authorization:
      - token <GITHUB OAUTH TOKEN>
      Accept-Encoding:
      - gzip;q=1.0,deflate;q=0.6,identity;q=0.3
      Accept:
      - "*/*"
  response:
    status:
      code: 200
      message: OK
    headers:
      Server:
      - GitHub.com
      Date:
      - Thu, 10 May 2018 21:47:26 GMT
      Content-Type:
      - application/json; charset=utf-8
      Transfer-Encoding:
      - chunked
      Status:
      - 200 OK
      X-Ratelimit-Limit:
      - '5000'
      X-Ratelimit-Remaining:
      - '4894'
      X-Ratelimit-Reset:
      - '1525990997'
      Cache-Control:
      - private, max-age=60, s-maxage=60
      Vary:
      - Accept, Authorization, Cookie, X-GitHub-OTP
      Etag:
      - W/"3959e17e73604f54ca92f006ebf24ff5"
      Last-Modified:
      - Thu, 10 May 2018 15:18:19 GMT
      X-Oauth-Scopes:
      - ''
      X-Accepted-Oauth-Scopes:
      - ''
      X-Oauth-Client-Id:
      - bff9e878c77272925590
      X-Github-Media-Type:
      - github.v3; format=json
      Access-Control-Expose-Headers:
      - ETag, Link, Retry-After, X-GitHub-OTP, X-RateLimit-Limit, X-RateLimit-Remaining,
        X-RateLimit-Reset, X-OAuth-Scopes, X-Accepted-OAuth-Scopes, X-Poll-Interval
      Access-Control-Allow-Origin:
      - "*"
      Strict-Transport-Security:
      - max-age=31536000; includeSubdomains; preload
      X-Frame-Options:
      - deny
      X-Content-Type-Options:
      - nosniff
      X-Xss-Protection:
      - 1; mode=block
      Referrer-Policy:
      - origin-when-cross-origin, strict-origin-when-cross-origin
      Content-Security-Policy:
      - default-src 'none'
      X-Runtime-Rack:
      - '0.039903'
      X-Github-Request-Id:
      - E1A3:5663:1C5636D:3BC6CEC:5AF4BDEE
    body:
      encoding: ASCII-8BIT
      string: '{"login":"agpiermarini","id":19535775,"avatar_url":"https://avatars1.githubusercontent.com/u/19535775?v=4","gravatar_id":"","url":"https://api.github.com/users/agpiermarini","html_url":"https://github.com/agpiermarini","followers_url":"https://api.github.com/users/agpiermarini/followers","following_url":"https://api.github.com/users/agpiermarini/following{/other_user}","gists_url":"https://api.github.com/users/agpiermarini/gists{/gist_id}","starred_url":"https://api.github.com/users/agpiermarini/starred{/owner}{/repo}","subscriptions_url":"https://api.github.com/users/agpiermarini/subscriptions","organizations_url":"https://api.github.com/users/agpiermarini/orgs","repos_url":"https://api.github.com/users/agpiermarini/repos","events_url":"https://api.github.com/users/agpiermarini/events{/privacy}","received_events_url":"https://api.github.com/users/agpiermarini/received_events","type":"User","site_admin":false,"name":"Andrew
        Piermarini","company":null,"blog":"","location":null,"email":null,"hireable":null,"bio":null,"public_repos":37,"public_gists":3,"followers":3,"following":0,"created_at":"2016-05-23T15:58:32Z","updated_at":"2018-05-10T15:18:19Z"}'
    http_version: 
  recorded_at: Thu, 10 May 2018 21:47:26 GMT
recorded_with: VCR 4.0.0
